ligalifunmilayo@cloudshell:~$ rmdir Funmilayo/
rmdir: failed to remove 'Funmilayo/': Directory not empty
ligalifunmilayo@cloudshell:~$ rmdir -f Funmilayo/
rmdir: invalid option -- 'f'
Try 'rmdir --help' for more information.
ligalifunmilayo@cloudshell:~$ rmdir --help 
Usage: rmdir [OPTION]... DIRECTORY...
Remove the DIRECTORY(ies), if they are empty.

      --ignore-fail-on-non-empty
                    ignore each failure to remove a non-empty directory
  -p, --parents     remove DIRECTORY and its ancestors;
                    e.g., 'rmdir -p a/b' is similar to 'rmdir a/b a'

  -v, --verbose     output a diagnostic for every directory processed
      --help        display this help and exit
      --version     output version information and exit

GNU coreutils online help: <https://www.gnu.org/software/coreutils/>
Full documentation <https://www.gnu.org/software/coreutils/rmdir>
or available locally via: info '(coreutils) rmdir invocation'
ligalifunmilayo@cloudshell:~$ rm -r biocomputing/
ligalifunmilayo@cloudshell:~$ ls
Funmilayo  Hackbio  README-cloudshell.txt  Udemy_NGS
ligalifunmilayo@cloudshell:~$ rm -r Funmilayo/
ligalifunmilayo@cloudshell:~$ rm -r Udemy_NGS/
ligalifunmilayo@cloudshell:~$ ls
Hackbio  README-cloudshell.txt
ligalifunmilayo@cloudshell:~$ ls -lh Hackbio/
total 4.0K
drwxrwxr-x 3 ligalifunmilayo ligalifunmilayo 4.0K Aug 25 11:07 bash_course
ligalifunmilayo@cloudshell:~$ 
